"SiteName"	"ProductID"	"ImageType"	"ImageName"	"ImageURL"
