"SiteName"	"ProductID"	"ImageType"	"ImageName"	"ImageURL"
"merchant3"	"RRKHM720CS"	"image"	"No Image Available_AB-DefaultZoom_550X550_HO.jpg"	"http://www.shopkitchenaid.com/digitalassets/No Image Available/AB-DefaultZoom_550X550_HO.jpg"
"merchant3"	"RRKHM920ER"	"image"	"No Image Available_AB-DefaultZoom_550X550_HO.jpg"	"http://www.shopkitchenaid.com/digitalassets/No Image Available/AB-DefaultZoom_550X550_HO.jpg"
"merchant3"	"RVSA"	"image"	"RVSA_AB-DefaultZoom_550X550_HO.jpg"	"http://www.shopkitchenaid.com/digitalassets/RVSA/AB-DefaultZoom_550X550_HO.jpg"
"merchant3"	"SSA"	"image"	"SSA_AB-DefaultZoom_550X550_HO.jpg"	"http://www.shopkitchenaid.com/digitalassets/SSA/AB-DefaultZoom_550X550_HO.jpg"
