"ID"	"SiteName"	"ProductID"	"Category1"	"Category2"	"Category3"	"Category4"	"Category5"	"Category6"	"URL"	"Canonical"	"SKU"	"WebPartNumber"	"Title"	"ClearanceTag"	"SaleTag"	"PriceCutTag"	"TempPriceCutTag"	"NewProduct"	"BestSeller"	"Description"	"Stars"	"Reviews"	"ReviewsLink"	"ListPrice"	"HasListPriceRange"	"Price"	"HasPriceRange"	"HasVariations"	"EstimatedShipDate"	"FacebookLikes"	"PlusOneGoogle"	"Tweets"	"Promotional"	"ShippingPromotion"	"Availability"	"BuyLink"	"FlashLink"	"Specifications"	"UpdateDateTime"
"198166"	"merchant3"	"RKSB585CR"	"More Ways To Shop"	"Outlet"	""	""	""	""	"http://www.shopkitchenaid.com/-[RKSB585CR]-401395/RKSB585CR/"	""	""	""	"KitchenAid&reg; 5-Speed Custom Metallic&reg; Series Blender with 56-Oz. Blend &amp; Serve Pitcher"	"0"	"0"	"0"	"0"	"0"	"0"	"Available in two lustrous finishes, the KitchenAid&reg; Custom Metallic&reg; Series blender features five speeds plus Pulse Mode and a Crush Ice feature to handle all of your blending tasks. A 0.9 horsepower motor and Intelli-Speed&reg; Motor Control ensure superb performance."	""	"0"	""	"179.9900"	"0"	"99.9900"	"0"	"0"	""	"0"	"0"	"0"	""	""	"1"	""	""	""	"1339875139"
"198167"	"merchant3"	"RKCO223CU"	"More Ways To Shop"	"Outlet"	""	""	""	""	"http://www.shopkitchenaid.com/-[RKCO223CU]-401394/RKCO223CU/"	""	""	""	"KitchenAid&reg; Refurbished KitchenAid&reg; 12 inch Convection Bake Countertop Oven"	"0"	"0"	"0"	"0"	"0"	"0"	"Refurbished KitchenAid&reg; 12 inch Convection Bake Countertop Oven with full-size oven performance and fast results, convection bake and broil at temperatures up to 450 degrees (F) and 60 minute timer just like your full size oven, a warm function for reheating leftovers, a toast function for breads, bagels or sandwiches, and removable broil panwith grill and nonstick interior for easy cleaning"	""	"0"	""	"159.9900"	"0"	"99.9900"	"0"	"0"	""	"0"	"0"	"0"	""	""	"1"	""	""	""	"1339875143"
"198168"	"merchant3"	"RKSM500WH"	"More Ways To Shop"	"Outlet"	""	""	""	""	"http://www.shopkitchenaid.com/-[RKSM500WH]-400691/RKSM500WH/"	""	""	""	"KitchenAid&reg; Refurbished Pro 500 Bowl-Lift Stand Mixer"	"0"	"0"	"0"	"0"	"0"	"0"	"KitchenAid&reg; Pro500 Series Bowl-Lift model with a 325-watt motor, 5-quart brushed stainless steel bowl with handle."	""	"0"	""	"349.9900"	"0"	"169.9900"	"0"	"0"	""	"0"	"0"	"0"	""	""	"1"	""	""	""	"1339875145"
"200501"	"merchant3"	"KSB650ER"	"Countertop Appliances"	"Blenders"	""	""	""	""	"http://www.shopkitchenaid.com/countertop-appliances-1/blenders-3/-[KSB650ER]-401405/KSB650ER/"	""	""	""	"KitchenAid&reg; 5-Speed Blender with Die Cast Base and 56-oz. BPA-Free Pitcher"	"0"	"0"	"0"	"0"	"0"	"0"	"KitchenAid&reg; 5-Speed Blender (STIR, CHOP, MIX, PUREE, LIQUEFY) with Die Cast Base and 56-oz. BPA-Free Pitcher."	""	"0"	""	"149.9900"	"0"	"129.9900"	"0"	"0"	""	"0"	"0"	"0"	""	""	"1"	""	""	""	"1339875144"
"200502"	"merchant3"	"KSB650SM"	"Countertop Appliances"	"Blenders"	""	""	""	""	"http://www.shopkitchenaid.com/countertop-appliances-1/blenders-3/-[KSB650SM]-401406/KSB650SM/"	""	""	""	"KitchenAid&reg; 5-Speed Blender with Die Cast Base and 56-oz. BPA-Free Pitcher"	"0"	"0"	"0"	"0"	"0"	"0"	"KitchenAid&reg; 5-Speed Blender (STIR, CHOP, MIX, PUREE, LIQUEFY) with Die Cast Base and 56-oz. BPA-Free Pitcher."	""	"0"	""	"149.9900"	"0"	"129.9900"	"0"	"0"	""	"0"	"0"	"0"	""	""	"1"	""	""	""	"1339875146"
