"SiteName"	"SourceProductID"	"TargetProductID"	"TargetURL"	"SliderTitle"
